interactions:
- request:
    body: mail_host=example.com
    headers:
      accept-encoding: ['gzip, deflate']
      content-type: [application/x-www-form-urlencoded]
    method: POST
    uri: http://localhost:9001/3.0/domains
  response:
    body: {string: ''}
    headers:
      content-length: ['0']
      content-type: [application/json; charset=UTF-8]
      location: ['http://localhost:9001/3.0/domains/example.com']
    status: {code: 201, message: Created}
- request:
    body: null
    headers:
      accept-encoding: ['gzip, deflate']
    method: GET
    uri: http://localhost:9001/3.0/domains/example.com
  response:
    body: {string: '{"alias_domain": null, "description": null, "http_etag": "\"492652d581dc93af101db450d81ae93a074bff49\"",
        "mail_host": "example.com", "self_link": "http://localhost:9001/3.0/domains/example.com"}'}
    headers:
      content-length: ['194']
      content-type: [application/json; charset=UTF-8]
    status: {code: 200, message: OK}
- request:
    body: fqdn_listname=foo%40example.com
    headers:
      accept-encoding: ['gzip, deflate']
      content-type: [application/x-www-form-urlencoded]
    method: POST
    uri: http://localhost:9001/3.0/lists
  response:
    body: {string: ''}
    headers:
      content-length: ['0']
      content-type: [application/json; charset=UTF-8]
      location: ['http://localhost:9001/3.0/lists/foo.example.com']
    status: {code: 201, message: Created}
- request:
    body: null
    headers:
      accept-encoding: ['gzip, deflate']
    method: GET
    uri: http://localhost:9001/3.0/lists/foo@example.com
  response:
    body: {string: '{"display_name": "Foo", "fqdn_listname": "foo@example.com", "http_etag":
        "\"698a819bbb6b902096a8c5543cc7fac2328960d5\"", "list_id": "foo.example.com",
        "list_name": "foo", "mail_host": "example.com", "member_count": 0, "self_link":
        "http://localhost:9001/3.0/lists/foo.example.com", "volume": 1}'}
    headers:
      content-length: ['294']
      content-type: [application/json; charset=UTF-8]
    status: {code: 200, message: OK}
- request:
    body: display_name=None&list_id=foo.example.com&role=owner&subscriber=su%40example.com
    headers:
      accept-encoding: ['gzip, deflate']
      content-type: [application/x-www-form-urlencoded]
    method: POST
    uri: http://localhost:9001/3.0/members
  response:
    body: {string: ''}
    headers:
      content-length: ['0']
      content-type: [application/json; charset=UTF-8]
      location: ['http://localhost:9001/3.0/members/669']
    status: {code: 201, message: Created}
- request:
    body: null
    headers:
      accept-encoding: ['gzip, deflate']
    method: GET
    uri: http://localhost:9001/3.0/lists/foo@example.com
  response:
    body: {string: '{"display_name": "Foo", "fqdn_listname": "foo@example.com", "http_etag":
        "\"698a819bbb6b902096a8c5543cc7fac2328960d5\"", "list_id": "foo.example.com",
        "list_name": "foo", "mail_host": "example.com", "member_count": 0, "self_link":
        "http://localhost:9001/3.0/lists/foo.example.com", "volume": 1}'}
    headers:
      content-length: ['294']
      content-type: [application/json; charset=UTF-8]
    status: {code: 200, message: OK}
- request:
    body: display_name=None&list_id=foo.example.com&role=owner&subscriber=otherowner%40example.com
    headers:
      accept-encoding: ['gzip, deflate']
      content-type: [application/x-www-form-urlencoded]
    method: POST
    uri: http://localhost:9001/3.0/members
  response:
    body: {string: ''}
    headers:
      content-length: ['0']
      content-type: [application/json; charset=UTF-8]
      location: ['http://localhost:9001/3.0/members/670']
    status: {code: 201, message: Created}
- request:
    body: null
    headers:
      accept-encoding: ['gzip, deflate']
    method: GET
    uri: http://localhost:9001/3.0/lists/foo.example.com/roster/owner
  response:
    body: {string: '{"entries": [{"address": "http://localhost:9001/3.0/addresses/otherowner@example.com",
        "delivery_mode": "regular", "display_name": "None", "email": "otherowner@example.com",
        "http_etag": "\"f164601e026d4bb253f4f22aed42ae8e696ea18a\"", "list_id": "foo.example.com",
        "member_id": 670, "moderation_action": "accept", "role": "owner", "self_link":
        "http://localhost:9001/3.0/members/670", "user": "http://localhost:9001/3.0/users/875"},
        {"address": "http://localhost:9001/3.0/addresses/su@example.com", "delivery_mode":
        "regular", "display_name": "None", "email": "su@example.com", "http_etag":
        "\"db9c5ff366fc50844bfb5492035cdaa85128a89c\"", "list_id": "foo.example.com",
        "member_id": 669, "moderation_action": "accept", "role": "owner", "self_link":
        "http://localhost:9001/3.0/members/669", "user": "http://localhost:9001/3.0/users/874"}],
        "http_etag": "\"19684ddac7ced3194aa3546b5e8ae8e3fa98be91\"", "start": 0, "total_size":
        2}'}
    headers:
      content-length: ['927']
      content-type: [application/json; charset=UTF-8]
    status: {code: 200, message: OK}
- request:
    body: null
    headers:
      accept-encoding: ['gzip, deflate']
    method: GET
    uri: http://localhost:9001/3.1/lists/foo@example.com
  response:
    body: {string: '{"display_name": "Foo", "fqdn_listname": "foo@example.com", "http_etag":
        "\"4fb667c3d533cf6b2b6faa284a0d5d1302536524\"", "list_id": "foo.example.com",
        "list_name": "foo", "mail_host": "example.com", "member_count": 0, "self_link":
        "http://localhost:9001/3.1/lists/foo.example.com", "volume": 1}'}
    headers:
      content-length: ['294']
      content-type: [application/json; charset=UTF-8]
    status: {code: 200, message: OK}
- request:
    body: null
    headers:
      accept-encoding: ['gzip, deflate']
    method: GET
    uri: http://localhost:9001/3.1/lists/foo.example.com/roster/owner
  response:
    body: {string: '{"entries": [{"address": "http://localhost:9001/3.1/addresses/otherowner@example.com",
        "delivery_mode": "regular", "display_name": "None", "email": "otherowner@example.com",
        "http_etag": "\"a2d831544ebff2081c23835f72d97eff5833bef9\"", "list_id": "foo.example.com",
        "member_id": "0000000000000000000000000000029e", "moderation_action": "accept",
        "role": "owner", "self_link": "http://localhost:9001/3.1/members/0000000000000000000000000000029e",
        "user": "http://localhost:9001/3.1/users/0000000000000000000000000000036b"},
        {"address": "http://localhost:9001/3.1/addresses/su@example.com", "delivery_mode":
        "regular", "display_name": "None", "email": "su@example.com", "http_etag":
        "\"6d75d8b401a930d0284cf7be14c75bd10470c182\"", "list_id": "foo.example.com",
        "member_id": "0000000000000000000000000000029d", "moderation_action": "accept",
        "role": "owner", "self_link": "http://localhost:9001/3.1/members/0000000000000000000000000000029d",
        "user": "http://localhost:9001/3.1/users/0000000000000000000000000000036a"}],
        "http_etag": "\"fd1d8949e39674678c4db3145c65a195661247af\"", "start": 0, "total_size":
        2}'}
    headers:
      content-length: ['1105']
      content-type: [application/json; charset=UTF-8]
    status: {code: 200, message: OK}
- request:
    body: null
    headers:
      accept-encoding: ['gzip, deflate']
    method: DELETE
    uri: http://localhost:9001/3.1/lists/foo@example.com/owner/su@example.com
  response:
    body: {string: ''}
    headers:
      Content-Length: ['0']
    status: {code: 204, message: No Content}
- request:
    body: null
    headers:
      accept-encoding: ['gzip, deflate']
    method: GET
    uri: http://localhost:9001/3.0/lists/foo.example.com/roster/owner
  response:
    body: {string: '{"entries": [{"address": "http://localhost:9001/3.0/addresses/otherowner@example.com",
        "delivery_mode": "regular", "display_name": "None", "email": "otherowner@example.com",
        "http_etag": "\"f164601e026d4bb253f4f22aed42ae8e696ea18a\"", "list_id": "foo.example.com",
        "member_id": 670, "moderation_action": "accept", "role": "owner", "self_link":
        "http://localhost:9001/3.0/members/670", "user": "http://localhost:9001/3.0/users/875"}],
        "http_etag": "\"c54133ac43d796921249fb8788c273dfe2ea46db\"", "start": 0, "total_size":
        1}'}
    headers:
      content-length: ['523']
      content-type: [application/json; charset=UTF-8]
    status: {code: 200, message: OK}
- request:
    body: display_name=None&list_id=foo.example.com&role=owner&subscriber=su%40example.com
    headers:
      accept-encoding: ['gzip, deflate']
      content-type: [application/x-www-form-urlencoded]
    method: POST
    uri: http://localhost:9001/3.0/members
  response:
    body: {string: ''}
    headers:
      content-length: ['0']
      content-type: [application/json; charset=UTF-8]
      location: ['http://localhost:9001/3.0/members/671']
    status: {code: 201, message: Created}
- request:
    body: null
    headers:
      accept-encoding: ['gzip, deflate']
    method: DELETE
    uri: http://localhost:9001/3.0/lists/foo@example.com/owner/otherowner@example.com
  response:
    body: {string: ''}
    headers:
      Content-Length: ['0']
    status: {code: 204, message: No Content}
- request:
    body: null
    headers:
      accept-encoding: ['gzip, deflate']
    method: GET
    uri: http://localhost:9001/3.0/lists/foo.example.com/roster/owner
  response:
    body: {string: '{"entries": [{"address": "http://localhost:9001/3.0/addresses/su@example.com",
        "delivery_mode": "regular", "display_name": "None", "email": "su@example.com",
        "http_etag": "\"2709d85026a4a8e4f1838e6ed953546afd7232a3\"", "list_id": "foo.example.com",
        "member_id": 671, "moderation_action": "accept", "role": "owner", "self_link":
        "http://localhost:9001/3.0/members/671", "user": "http://localhost:9001/3.0/users/874"}],
        "http_etag": "\"d4715ea13709cb33cec3510427ec2a2ac06645e6\"", "start": 0, "total_size":
        1}'}
    headers:
      content-length: ['507']
      content-type: [application/json; charset=UTF-8]
    status: {code: 200, message: OK}
- request:
    body: null
    headers:
      accept-encoding: ['gzip, deflate']
    method: GET
    uri: http://localhost:9001/3.1/lists/foo@example.com
  response:
    body: {string: '{"display_name": "Foo", "fqdn_listname": "foo@example.com", "http_etag":
        "\"4fb667c3d533cf6b2b6faa284a0d5d1302536524\"", "list_id": "foo.example.com",
        "list_name": "foo", "mail_host": "example.com", "member_count": 0, "self_link":
        "http://localhost:9001/3.1/lists/foo.example.com", "volume": 1}'}
    headers:
      content-length: ['294']
      content-type: [application/json; charset=UTF-8]
    status: {code: 200, message: OK}
- request:
    body: null
    headers:
      accept-encoding: ['gzip, deflate']
    method: GET
    uri: http://localhost:9001/3.1/lists/foo.example.com/roster/owner
  response:
    body: {string: '{"entries": [{"address": "http://localhost:9001/3.1/addresses/su@example.com",
        "delivery_mode": "regular", "display_name": "None", "email": "su@example.com",
        "http_etag": "\"fc5fdbe7a13688c2ecb921175eea41b9b01f5c73\"", "list_id": "foo.example.com",
        "member_id": "0000000000000000000000000000029f", "moderation_action": "accept",
        "role": "owner", "self_link": "http://localhost:9001/3.1/members/0000000000000000000000000000029f",
        "user": "http://localhost:9001/3.1/users/0000000000000000000000000000036a"}],
        "http_etag": "\"b0eec12148ccd72b16c1384c07d26022817f722a\"", "start": 0, "total_size":
        1}'}
    headers:
      content-length: ['596']
      content-type: [application/json; charset=UTF-8]
    status: {code: 200, message: OK}
- request:
    body: null
    headers:
      accept-encoding: ['gzip, deflate']
    method: GET
    uri: http://localhost:9001/3.0/lists/foo.example.com/roster/owner
  response:
    body: {string: '{"entries": [{"address": "http://localhost:9001/3.0/addresses/su@example.com",
        "delivery_mode": "regular", "display_name": "None", "email": "su@example.com",
        "http_etag": "\"2709d85026a4a8e4f1838e6ed953546afd7232a3\"", "list_id": "foo.example.com",
        "member_id": 671, "moderation_action": "accept", "role": "owner", "self_link":
        "http://localhost:9001/3.0/members/671", "user": "http://localhost:9001/3.0/users/874"}],
        "http_etag": "\"d4715ea13709cb33cec3510427ec2a2ac06645e6\"", "start": 0, "total_size":
        1}'}
    headers:
      content-length: ['507']
      content-type: [application/json; charset=UTF-8]
    status: {code: 200, message: OK}
- request:
    body: null
    headers:
      accept-encoding: ['gzip, deflate']
    method: GET
    uri: http://localhost:9001/3.0/domains
  response:
    body: {string: '{"entries": [{"alias_domain": null, "description": null, "http_etag":
        "\"492652d581dc93af101db450d81ae93a074bff49\"", "mail_host": "example.com",
        "self_link": "http://localhost:9001/3.0/domains/example.com"}], "http_etag":
        "\"5868fb6d2442c0d163e0edb2bfd7a92b6c812796\"", "start": 0, "total_size":
        1}'}
    headers:
      content-length: ['299']
      content-type: [application/json; charset=UTF-8]
    status: {code: 200, message: OK}
- request:
    body: null
    headers:
      accept-encoding: ['gzip, deflate']
    method: DELETE
    uri: http://localhost:9001/3.0/domains/example.com
  response:
    body: {string: ''}
    headers:
      Content-Length: ['0']
    status: {code: 204, message: No Content}
- request:
    body: null
    headers:
      accept-encoding: ['gzip, deflate']
    method: GET
    uri: http://localhost:9001/3.0/users
  response:
    body: {string: '{"entries": [{"created_on": "2005-08-01T07:49:23", "display_name":
        "None", "http_etag": "\"de24b5c65443ef095a59f363f3b40d814f8c9ffc\"", "is_server_owner":
        false, "self_link": "http://localhost:9001/3.0/users/874", "user_id": 874},
        {"created_on": "2005-08-01T07:49:23", "display_name": "None", "http_etag":
        "\"df9e2f744aec167e7b11d2f0c1bac45cb3928d7a\"", "is_server_owner": false,
        "self_link": "http://localhost:9001/3.0/users/875", "user_id": 875}], "http_etag":
        "\"bc316d0db1031e0f7d43f3c6cf7bb20ada0448e1\"", "start": 0, "total_size":
        2}'}
    headers:
      content-length: ['539']
      content-type: [application/json; charset=UTF-8]
    status: {code: 200, message: OK}
- request:
    body: null
    headers:
      accept-encoding: ['gzip, deflate']
    method: DELETE
    uri: http://localhost:9001/3.0/users/874
  response:
    body: {string: ''}
    headers:
      Content-Length: ['0']
    status: {code: 204, message: No Content}
- request:
    body: null
    headers:
      accept-encoding: ['gzip, deflate']
    method: DELETE
    uri: http://localhost:9001/3.0/users/875
  response:
    body: {string: ''}
    headers:
      Content-Length: ['0']
    status: {code: 204, message: No Content}
version: 1
