interactions:
- request:
    body: mail_host=example.com
    headers:
      accept-encoding: ['gzip, deflate']
      content-type: [application/x-www-form-urlencoded]
    method: POST
    uri: http://localhost:9001/3.0/domains
  response:
    body: {string: ''}
    headers:
      content-length: ['0']
      content-type: [application/json; charset=UTF-8]
      location: ['http://localhost:9001/3.0/domains/example.com']
    status: {code: 201, message: Created}
- request:
    body: null
    headers:
      accept-encoding: ['gzip, deflate']
    method: GET
    uri: http://localhost:9001/3.0/domains/example.com
  response:
    body: {string: '{"alias_domain": null, "description": null, "http_etag": "\"492652d581dc93af101db450d81ae93a074bff49\"",
        "mail_host": "example.com", "self_link": "http://localhost:9001/3.0/domains/example.com"}'}
    headers:
      content-length: ['194']
      content-type: [application/json; charset=UTF-8]
    status: {code: 200, message: OK}
- request:
    body: fqdn_listname=foo%40example.com
    headers:
      accept-encoding: ['gzip, deflate']
      content-type: [application/x-www-form-urlencoded]
    method: POST
    uri: http://localhost:9001/3.0/lists
  response:
    body: {string: ''}
    headers:
      content-length: ['0']
      content-type: [application/json; charset=UTF-8]
      location: ['http://localhost:9001/3.0/lists/foo.example.com']
    status: {code: 201, message: Created}
- request:
    body: null
    headers:
      accept-encoding: ['gzip, deflate']
    method: GET
    uri: http://localhost:9001/3.0/lists/foo.example.com
  response:
    body: {string: '{"description": "", "display_name": "Foo", "fqdn_listname": "foo@example.com",
        "http_etag": "\"490ba5a3f1642771810284491327932ca01ce4f2\"", "list_id": "foo.example.com",
        "list_name": "foo", "mail_host": "example.com", "member_count": 0, "self_link":
        "http://localhost:9001/3.0/lists/foo.example.com", "volume": 1}'}
    headers:
      content-length: ['313']
      content-type: [application/json; charset=UTF-8]
    status: {code: 200, message: OK}
- request:
    body: display_name=None&list_id=foo.example.com&pre_approved=True&pre_confirmed=True&pre_verified=True&subscriber=member-1%40example.com
    headers:
      accept-encoding: ['gzip, deflate']
      content-type: [application/x-www-form-urlencoded]
    method: POST
    uri: http://localhost:9001/3.0/members
  response:
    body: {string: ''}
    headers:
      content-length: ['0']
      content-type: [application/json; charset=UTF-8]
      location: ['http://localhost:9001/3.0/members/3']
    status: {code: 201, message: Created}
- request:
    body: display_name=None&list_id=foo.example.com&pre_approved=True&pre_confirmed=True&pre_verified=True&subscriber=member-2%40example.com
    headers:
      accept-encoding: ['gzip, deflate']
      content-type: [application/x-www-form-urlencoded]
    method: POST
    uri: http://localhost:9001/3.0/members
  response:
    body: {string: ''}
    headers:
      content-length: ['0']
      content-type: [application/json; charset=UTF-8]
      location: ['http://localhost:9001/3.0/members/4']
    status: {code: 201, message: Created}
- request:
    body: null
    headers:
      accept-encoding: ['gzip, deflate']
    method: GET
    uri: http://localhost:9001/3.1/lists/foo.example.com
  response:
    body: {string: '{"description": "", "display_name": "Foo", "fqdn_listname": "foo@example.com",
        "http_etag": "\"96ac2c6b08de9392c4ce4cb92609626bc3361a6b\"", "list_id": "foo.example.com",
        "list_name": "foo", "mail_host": "example.com", "member_count": 2, "self_link":
        "http://localhost:9001/3.1/lists/foo.example.com", "volume": 1}'}
    headers:
      content-length: ['313']
      content-type: [application/json; charset=UTF-8]
    status: {code: 200, message: OK}
- request:
    body: null
    headers:
      accept-encoding: ['gzip, deflate']
    method: GET
    uri: http://localhost:9001/3.1/lists/foo.example.com/roster/owner
  response:
    body: {string: '{"http_etag": "\"32223434a0f3af4cdc4673d1fbc5bac1f6d98fd3\"",
        "start": 0, "total_size": 0}'}
    headers:
      content-length: ['90']
      content-type: [application/json; charset=UTF-8]
    status: {code: 200, message: OK}
- request:
    body: null
    headers:
      accept-encoding: ['gzip, deflate']
    method: GET
    uri: http://localhost:9001/3.1/lists/foo.example.com/roster/moderator
  response:
    body: {string: '{"http_etag": "\"32223434a0f3af4cdc4673d1fbc5bac1f6d98fd3\"",
        "start": 0, "total_size": 0}'}
    headers:
      content-length: ['90']
      content-type: [application/json; charset=UTF-8]
    status: {code: 200, message: OK}
- request:
    body: null
    headers:
      accept-encoding: ['gzip, deflate']
    method: GET
    uri: http://localhost:9001/3.1/members/find?count=0&list_id=foo.example.com&page=1&role=member&subscriber=%2Aexample.com%2A
  response:
    body: {string: '{"http_etag": "\"f14dfdb06627a6336a504885e036239a5b208434\"",
        "start": 0, "total_size": 2}'}
    headers:
      content-length: ['90']
      content-type: [application/json; charset=UTF-8]
    status: {code: 200, message: OK}
- request:
    body: null
    headers:
      accept-encoding: ['gzip, deflate']
    method: GET
    uri: http://localhost:9001/3.1/members/find?count=25&list_id=foo.example.com&page=1&role=member&subscriber=%2Aexample.com%2A
  response:
    body: {string: '{"entries": [{"address": "http://localhost:9001/3.1/addresses/member-1@example.com",
        "delivery_mode": "regular", "display_name": "None", "email": "member-1@example.com",
        "http_etag": "\"be1fd8322ef8051fee1c49e9dc5ad67cffcb77ff\"", "list_id": "foo.example.com",
        "member_id": "00000000000000000000000000000003", "role": "member", "self_link":
        "http://localhost:9001/3.1/members/00000000000000000000000000000003", "user":
        "http://localhost:9001/3.1/users/00000000000000000000000000000001"}, {"address":
        "http://localhost:9001/3.1/addresses/member-2@example.com", "delivery_mode":
        "regular", "display_name": "None", "email": "member-2@example.com", "http_etag":
        "\"f76d4950044fa25dffdf9c414d8c68c5de457054\"", "list_id": "foo.example.com",
        "member_id": "00000000000000000000000000000004", "role": "member", "self_link":
        "http://localhost:9001/3.1/members/00000000000000000000000000000004", "user":
        "http://localhost:9001/3.1/users/00000000000000000000000000000002"}], "http_etag":
        "\"7a6200c978359b062da4567c14fd2ada525c5272\"", "start": 0, "total_size":
        2}'}
    headers:
      content-length: ['1053']
      content-type: [application/json; charset=UTF-8]
    status: {code: 200, message: OK}
- request:
    body: null
    headers:
      accept-encoding: ['gzip, deflate']
    method: GET
    uri: http://localhost:9001/3.0/members/3
  response:
    body: {string: '{"address": "http://localhost:9001/3.0/addresses/member-1@example.com",
        "delivery_mode": "regular", "display_name": "None", "email": "member-1@example.com",
        "http_etag": "\"8f5014c3d443d80875b754cafa19b24941bbc0b1\"", "list_id": "foo.example.com",
        "member_id": 3, "role": "member", "self_link": "http://localhost:9001/3.0/members/3",
        "user": "http://localhost:9001/3.0/users/1"}'}
    headers:
      content-length: ['378']
      content-type: [application/json; charset=UTF-8]
    status: {code: 200, message: OK}
- request:
    body: null
    headers:
      accept-encoding: ['gzip, deflate']
    method: GET
    uri: http://localhost:9001/3.0/members/4
  response:
    body: {string: '{"address": "http://localhost:9001/3.0/addresses/member-2@example.com",
        "delivery_mode": "regular", "display_name": "None", "email": "member-2@example.com",
        "http_etag": "\"22011e387c3b43c5835198f1c782d23452bfeaeb\"", "list_id": "foo.example.com",
        "member_id": 4, "role": "member", "self_link": "http://localhost:9001/3.0/members/4",
        "user": "http://localhost:9001/3.0/users/2"}'}
    headers:
      content-length: ['378']
      content-type: [application/json; charset=UTF-8]
    status: {code: 200, message: OK}
- request:
    body: null
    headers:
      accept-encoding: ['gzip, deflate']
    method: GET
    uri: http://localhost:9001/3.1/lists/foo.example.com
  response:
    body: {string: '{"description": "", "display_name": "Foo", "fqdn_listname": "foo@example.com",
        "http_etag": "\"96ac2c6b08de9392c4ce4cb92609626bc3361a6b\"", "list_id": "foo.example.com",
        "list_name": "foo", "mail_host": "example.com", "member_count": 2, "self_link":
        "http://localhost:9001/3.1/lists/foo.example.com", "volume": 1}'}
    headers:
      content-length: ['313']
      content-type: [application/json; charset=UTF-8]
    status: {code: 200, message: OK}
- request:
    body: null
    headers:
      accept-encoding: ['gzip, deflate']
    method: GET
    uri: http://localhost:9001/3.1/lists/foo.example.com/roster/owner
  response:
    body: {string: '{"http_etag": "\"32223434a0f3af4cdc4673d1fbc5bac1f6d98fd3\"",
        "start": 0, "total_size": 0}'}
    headers:
      content-length: ['90']
      content-type: [application/json; charset=UTF-8]
    status: {code: 200, message: OK}
- request:
    body: null
    headers:
      accept-encoding: ['gzip, deflate']
    method: GET
    uri: http://localhost:9001/3.1/lists/foo.example.com/roster/moderator
  response:
    body: {string: '{"http_etag": "\"32223434a0f3af4cdc4673d1fbc5bac1f6d98fd3\"",
        "start": 0, "total_size": 0}'}
    headers:
      content-length: ['90']
      content-type: [application/json; charset=UTF-8]
    status: {code: 200, message: OK}
- request:
    body: null
    headers:
      accept-encoding: ['gzip, deflate']
    method: GET
    uri: http://localhost:9001/3.1/members/find?count=0&list_id=foo.example.com&page=1&role=member&subscriber=%2Amember-1%2A
  response:
    body: {string: '{"http_etag": "\"b21094769c757b95dc05bd978b7e78fabe490b0c\"",
        "start": 0, "total_size": 1}'}
    headers:
      content-length: ['90']
      content-type: [application/json; charset=UTF-8]
    status: {code: 200, message: OK}
- request:
    body: null
    headers:
      accept-encoding: ['gzip, deflate']
    method: GET
    uri: http://localhost:9001/3.1/members/find?count=25&list_id=foo.example.com&page=1&role=member&subscriber=%2Amember-1%2A
  response:
    body: {string: '{"entries": [{"address": "http://localhost:9001/3.1/addresses/member-1@example.com",
        "delivery_mode": "regular", "display_name": "None", "email": "member-1@example.com",
        "http_etag": "\"be1fd8322ef8051fee1c49e9dc5ad67cffcb77ff\"", "list_id": "foo.example.com",
        "member_id": "00000000000000000000000000000003", "role": "member", "self_link":
        "http://localhost:9001/3.1/members/00000000000000000000000000000003", "user":
        "http://localhost:9001/3.1/users/00000000000000000000000000000001"}], "http_etag":
        "\"0d0fb4613ee5c26c15f1766304f74a20091c5723\"", "start": 0, "total_size":
        1}'}
    headers:
      content-length: ['578']
      content-type: [application/json; charset=UTF-8]
    status: {code: 200, message: OK}
- request:
    body: null
    headers:
      accept-encoding: ['gzip, deflate']
    method: GET
    uri: http://localhost:9001/3.1/lists/foo.example.com
  response:
    body: {string: '{"description": "", "display_name": "Foo", "fqdn_listname": "foo@example.com",
        "http_etag": "\"96ac2c6b08de9392c4ce4cb92609626bc3361a6b\"", "list_id": "foo.example.com",
        "list_name": "foo", "mail_host": "example.com", "member_count": 2, "self_link":
        "http://localhost:9001/3.1/lists/foo.example.com", "volume": 1}'}
    headers:
      content-length: ['313']
      content-type: [application/json; charset=UTF-8]
    status: {code: 200, message: OK}
- request:
    body: null
    headers:
      accept-encoding: ['gzip, deflate']
    method: GET
    uri: http://localhost:9001/3.1/lists/foo.example.com/roster/owner
  response:
    body: {string: '{"http_etag": "\"32223434a0f3af4cdc4673d1fbc5bac1f6d98fd3\"",
        "start": 0, "total_size": 0}'}
    headers:
      content-length: ['90']
      content-type: [application/json; charset=UTF-8]
    status: {code: 200, message: OK}
- request:
    body: null
    headers:
      accept-encoding: ['gzip, deflate']
    method: GET
    uri: http://localhost:9001/3.1/lists/foo.example.com/roster/moderator
  response:
    body: {string: '{"http_etag": "\"32223434a0f3af4cdc4673d1fbc5bac1f6d98fd3\"",
        "start": 0, "total_size": 0}'}
    headers:
      content-length: ['90']
      content-type: [application/json; charset=UTF-8]
    status: {code: 200, message: OK}
- request:
    body: null
    headers:
      accept-encoding: ['gzip, deflate']
    method: GET
    uri: http://localhost:9001/3.1/members/find?count=0&list_id=foo.example.com&page=1&role=member&subscriber=%2Anot_a_member%2A
  response:
    body: {string: '{"http_etag": "\"32223434a0f3af4cdc4673d1fbc5bac1f6d98fd3\"",
        "start": 0, "total_size": 0}'}
    headers:
      content-length: ['90']
      content-type: [application/json; charset=UTF-8]
    status: {code: 200, message: OK}
- request:
    body: null
    headers:
      accept-encoding: ['gzip, deflate']
    method: GET
    uri: http://localhost:9001/3.1/members/find?count=25&list_id=foo.example.com&page=1&role=member&subscriber=%2Anot_a_member%2A
  response:
    body: {string: '{"http_etag": "\"32223434a0f3af4cdc4673d1fbc5bac1f6d98fd3\"",
        "start": 0, "total_size": 0}'}
    headers:
      content-length: ['90']
      content-type: [application/json; charset=UTF-8]
    status: {code: 200, message: OK}
- request:
    body: null
    headers:
      accept-encoding: ['gzip, deflate']
    method: DELETE
    uri: http://localhost:9001/3.0/lists/foo.example.com/member/member-1@example.com
  response:
    body: {string: ''}
    headers:
      Content-Length: ['0']
    status: {code: 204, message: No Content}
- request:
    body: null
    headers:
      accept-encoding: ['gzip, deflate']
    method: DELETE
    uri: http://localhost:9001/3.0/lists/foo.example.com/member/member-2@example.com
  response:
    body: {string: ''}
    headers:
      Content-Length: ['0']
    status: {code: 204, message: No Content}
- request:
    body: null
    headers:
      accept-encoding: ['gzip, deflate']
    method: GET
    uri: http://localhost:9001/3.1/lists/foo.example.com
  response:
    body: {string: '{"description": "", "display_name": "Foo", "fqdn_listname": "foo@example.com",
        "http_etag": "\"0c03b5f44b6fe77375f8f14c2dbe4e2d0219d704\"", "list_id": "foo.example.com",
        "list_name": "foo", "mail_host": "example.com", "member_count": 0, "self_link":
        "http://localhost:9001/3.1/lists/foo.example.com", "volume": 1}'}
    headers:
      content-length: ['313']
      content-type: [application/json; charset=UTF-8]
    status: {code: 200, message: OK}
- request:
    body: null
    headers:
      accept-encoding: ['gzip, deflate']
    method: GET
    uri: http://localhost:9001/3.1/lists/foo.example.com/roster/owner
  response:
    body: {string: '{"http_etag": "\"32223434a0f3af4cdc4673d1fbc5bac1f6d98fd3\"",
        "start": 0, "total_size": 0}'}
    headers:
      content-length: ['90']
      content-type: [application/json; charset=UTF-8]
    status: {code: 200, message: OK}
- request:
    body: null
    headers:
      accept-encoding: ['gzip, deflate']
    method: GET
    uri: http://localhost:9001/3.1/lists/foo.example.com/roster/moderator
  response:
    body: {string: '{"http_etag": "\"32223434a0f3af4cdc4673d1fbc5bac1f6d98fd3\"",
        "start": 0, "total_size": 0}'}
    headers:
      content-length: ['90']
      content-type: [application/json; charset=UTF-8]
    status: {code: 200, message: OK}
- request:
    body: null
    headers:
      accept-encoding: ['gzip, deflate']
    method: GET
    uri: http://localhost:9001/3.1/members/find?count=0&list_id=foo.example.com&page=1&role=member
  response:
    body: {string: '{"http_etag": "\"32223434a0f3af4cdc4673d1fbc5bac1f6d98fd3\"",
        "start": 0, "total_size": 0}'}
    headers:
      content-length: ['90']
      content-type: [application/json; charset=UTF-8]
    status: {code: 200, message: OK}
- request:
    body: null
    headers:
      accept-encoding: ['gzip, deflate']
    method: GET
    uri: http://localhost:9001/3.1/members/find?count=25&list_id=foo.example.com&page=1&role=member
  response:
    body: {string: '{"http_etag": "\"32223434a0f3af4cdc4673d1fbc5bac1f6d98fd3\"",
        "start": 0, "total_size": 0}'}
    headers:
      content-length: ['90']
      content-type: [application/json; charset=UTF-8]
    status: {code: 200, message: OK}
- request:
    body: null
    headers:
      accept-encoding: ['gzip, deflate']
    method: DELETE
    uri: http://localhost:9001/3.0/lists/foo.example.com
  response:
    body: {string: ''}
    headers:
      Content-Length: ['0']
    status: {code: 204, message: No Content}
- request:
    body: null
    headers:
      accept-encoding: ['gzip, deflate']
    method: DELETE
    uri: http://localhost:9001/3.0/domains/example.com
  response:
    body: {string: ''}
    headers:
      Content-Length: ['0']
    status: {code: 204, message: No Content}
- request:
    body: mail_host=example.com
    headers:
      accept-encoding: ['gzip, deflate']
      content-type: [application/x-www-form-urlencoded]
    method: POST
    uri: http://localhost:9001/3.0/domains
  response:
    body: {string: ''}
    headers:
      content-length: ['0']
      content-type: [application/json; charset=UTF-8]
      location: ['http://localhost:9001/3.0/domains/example.com']
    status: {code: 201, message: Created}
- request:
    body: null
    headers:
      accept-encoding: ['gzip, deflate']
    method: GET
    uri: http://localhost:9001/3.0/domains/example.com
  response:
    body: {string: '{"alias_domain": null, "description": null, "http_etag": "\"492652d581dc93af101db450d81ae93a074bff49\"",
        "mail_host": "example.com", "self_link": "http://localhost:9001/3.0/domains/example.com"}'}
    headers:
      content-length: ['194']
      content-type: [application/json; charset=UTF-8]
    status: {code: 200, message: OK}
- request:
    body: fqdn_listname=foo%40example.com
    headers:
      accept-encoding: ['gzip, deflate']
      content-type: [application/x-www-form-urlencoded]
    method: POST
    uri: http://localhost:9001/3.0/lists
  response:
    body: {string: ''}
    headers:
      content-length: ['0']
      content-type: [application/json; charset=UTF-8]
      location: ['http://localhost:9001/3.0/lists/foo.example.com']
    status: {code: 201, message: Created}
- request:
    body: null
    headers:
      accept-encoding: ['gzip, deflate']
    method: GET
    uri: http://localhost:9001/3.0/lists/foo.example.com
  response:
    body: {string: '{"description": "", "display_name": "Foo", "fqdn_listname": "foo@example.com",
        "http_etag": "\"490ba5a3f1642771810284491327932ca01ce4f2\"", "list_id": "foo.example.com",
        "list_name": "foo", "mail_host": "example.com", "member_count": 0, "self_link":
        "http://localhost:9001/3.0/lists/foo.example.com", "volume": 1}'}
    headers:
      content-length: ['313']
      content-type: [application/json; charset=UTF-8]
    status: {code: 200, message: OK}
- request:
    body: display_name=None&list_id=foo.example.com&pre_approved=True&pre_confirmed=True&pre_verified=True&subscriber=member-1%40example.com
    headers:
      accept-encoding: ['gzip, deflate']
      content-type: [application/x-www-form-urlencoded]
    method: POST
    uri: http://localhost:9001/3.0/members
  response:
    body: {string: ''}
    headers:
      content-length: ['0']
      content-type: [application/json; charset=UTF-8]
      location: ['http://localhost:9001/3.0/members/23']
    status: {code: 201, message: Created}
- request:
    body: display_name=None&list_id=foo.example.com&pre_approved=True&pre_confirmed=True&pre_verified=True&subscriber=member-2%40example.com
    headers:
      accept-encoding: ['gzip, deflate']
      content-type: [application/x-www-form-urlencoded]
    method: POST
    uri: http://localhost:9001/3.0/members
  response:
    body: {string: ''}
    headers:
      content-length: ['0']
      content-type: [application/json; charset=UTF-8]
      location: ['http://localhost:9001/3.0/members/24']
    status: {code: 201, message: Created}
- request:
    body: null
    headers:
      accept-encoding: ['gzip, deflate']
    method: GET
    uri: http://localhost:9001/3.1/lists/foo.example.com
  response:
    body: {string: '{"description": "", "display_name": "Foo", "fqdn_listname": "foo@example.com",
        "http_etag": "\"96ac2c6b08de9392c4ce4cb92609626bc3361a6b\"", "list_id": "foo.example.com",
        "list_name": "foo", "mail_host": "example.com", "member_count": 2, "self_link":
        "http://localhost:9001/3.1/lists/foo.example.com", "volume": 1}'}
    headers:
      content-length: ['313']
      content-type: [application/json; charset=UTF-8]
    status: {code: 200, message: OK}
- request:
    body: null
    headers:
      accept-encoding: ['gzip, deflate']
    method: GET
    uri: http://localhost:9001/3.1/lists/foo.example.com/roster/owner
  response:
    body: {string: '{"http_etag": "\"32223434a0f3af4cdc4673d1fbc5bac1f6d98fd3\"",
        "start": 0, "total_size": 0}'}
    headers:
      content-length: ['90']
      content-type: [application/json; charset=UTF-8]
    status: {code: 200, message: OK}
- request:
    body: null
    headers:
      accept-encoding: ['gzip, deflate']
    method: GET
    uri: http://localhost:9001/3.1/lists/foo.example.com/roster/moderator
  response:
    body: {string: '{"http_etag": "\"32223434a0f3af4cdc4673d1fbc5bac1f6d98fd3\"",
        "start": 0, "total_size": 0}'}
    headers:
      content-length: ['90']
      content-type: [application/json; charset=UTF-8]
    status: {code: 200, message: OK}
- request:
    body: null
    headers:
      accept-encoding: ['gzip, deflate']
    method: GET
    uri: http://localhost:9001/3.1/members/find?count=0&list_id=foo.example.com&page=1&role=member&subscriber=%2Aexample.com%2A
  response:
    body: {string: '{"http_etag": "\"f14dfdb06627a6336a504885e036239a5b208434\"",
        "start": 0, "total_size": 2}'}
    headers:
      content-length: ['90']
      content-type: [application/json; charset=UTF-8]
    status: {code: 200, message: OK}
- request:
    body: null
    headers:
      accept-encoding: ['gzip, deflate']
    method: GET
    uri: http://localhost:9001/3.1/members/find?count=25&list_id=foo.example.com&page=1&role=member&subscriber=%2Aexample.com%2A
  response:
    body: {string: '{"entries": [{"address": "http://localhost:9001/3.1/addresses/member-1@example.com",
        "delivery_mode": "regular", "display_name": "None", "email": "member-1@example.com",
        "http_etag": "\"56284b25e61bc888c1caf322cb88f4fcfe5c7882\"", "list_id": "foo.example.com",
        "member_id": "00000000000000000000000000000017", "role": "member", "self_link":
        "http://localhost:9001/3.1/members/00000000000000000000000000000017", "user":
        "http://localhost:9001/3.1/users/00000000000000000000000000000014"}, {"address":
        "http://localhost:9001/3.1/addresses/member-2@example.com", "delivery_mode":
        "regular", "display_name": "None", "email": "member-2@example.com", "http_etag":
        "\"7172a5990ae8b752be11649a2df969dd5c80b4fe\"", "list_id": "foo.example.com",
        "member_id": "00000000000000000000000000000018", "role": "member", "self_link":
        "http://localhost:9001/3.1/members/00000000000000000000000000000018", "user":
        "http://localhost:9001/3.1/users/00000000000000000000000000000015"}], "http_etag":
        "\"a99707f4929d99b4da08aa578be1af7a2eefaa2a\"", "start": 0, "total_size":
        2}'}
    headers:
      content-length: ['1053']
      content-type: [application/json; charset=UTF-8]
    status: {code: 200, message: OK}
- request:
    body: null
    headers:
      accept-encoding: ['gzip, deflate']
    method: GET
    uri: http://localhost:9001/3.0/members/23
  response:
    body: {string: '{"address": "http://localhost:9001/3.0/addresses/member-1@example.com",
        "delivery_mode": "regular", "display_name": "None", "email": "member-1@example.com",
        "http_etag": "\"17751f241781bf4224276dafed89a4fd06573c65\"", "list_id": "foo.example.com",
        "member_id": 23, "role": "member", "self_link": "http://localhost:9001/3.0/members/23",
        "user": "http://localhost:9001/3.0/users/20"}'}
    headers:
      content-length: ['381']
      content-type: [application/json; charset=UTF-8]
    status: {code: 200, message: OK}
- request:
    body: null
    headers:
      accept-encoding: ['gzip, deflate']
    method: GET
    uri: http://localhost:9001/3.0/members/24
  response:
    body: {string: '{"address": "http://localhost:9001/3.0/addresses/member-2@example.com",
        "delivery_mode": "regular", "display_name": "None", "email": "member-2@example.com",
        "http_etag": "\"31a12e48bb5123c325714d16f4e5893faddad93b\"", "list_id": "foo.example.com",
        "member_id": 24, "role": "member", "self_link": "http://localhost:9001/3.0/members/24",
        "user": "http://localhost:9001/3.0/users/21"}'}
    headers:
      content-length: ['381']
      content-type: [application/json; charset=UTF-8]
    status: {code: 200, message: OK}
- request:
    body: null
    headers:
      accept-encoding: ['gzip, deflate']
    method: GET
    uri: http://localhost:9001/3.1/lists/foo.example.com
  response:
    body: {string: '{"description": "", "display_name": "Foo", "fqdn_listname": "foo@example.com",
        "http_etag": "\"96ac2c6b08de9392c4ce4cb92609626bc3361a6b\"", "list_id": "foo.example.com",
        "list_name": "foo", "mail_host": "example.com", "member_count": 2, "self_link":
        "http://localhost:9001/3.1/lists/foo.example.com", "volume": 1}'}
    headers:
      content-length: ['313']
      content-type: [application/json; charset=UTF-8]
    status: {code: 200, message: OK}
- request:
    body: null
    headers:
      accept-encoding: ['gzip, deflate']
    method: GET
    uri: http://localhost:9001/3.1/lists/foo.example.com/roster/owner
  response:
    body: {string: '{"http_etag": "\"32223434a0f3af4cdc4673d1fbc5bac1f6d98fd3\"",
        "start": 0, "total_size": 0}'}
    headers:
      content-length: ['90']
      content-type: [application/json; charset=UTF-8]
    status: {code: 200, message: OK}
- request:
    body: null
    headers:
      accept-encoding: ['gzip, deflate']
    method: GET
    uri: http://localhost:9001/3.1/lists/foo.example.com/roster/moderator
  response:
    body: {string: '{"http_etag": "\"32223434a0f3af4cdc4673d1fbc5bac1f6d98fd3\"",
        "start": 0, "total_size": 0}'}
    headers:
      content-length: ['90']
      content-type: [application/json; charset=UTF-8]
    status: {code: 200, message: OK}
- request:
    body: null
    headers:
      accept-encoding: ['gzip, deflate']
    method: GET
    uri: http://localhost:9001/3.1/members/find?count=0&list_id=foo.example.com&page=1&role=member&subscriber=%2Amember-1%2A
  response:
    body: {string: '{"http_etag": "\"b21094769c757b95dc05bd978b7e78fabe490b0c\"",
        "start": 0, "total_size": 1}'}
    headers:
      content-length: ['90']
      content-type: [application/json; charset=UTF-8]
    status: {code: 200, message: OK}
- request:
    body: null
    headers:
      accept-encoding: ['gzip, deflate']
    method: GET
    uri: http://localhost:9001/3.1/members/find?count=25&list_id=foo.example.com&page=1&role=member&subscriber=%2Amember-1%2A
  response:
    body: {string: '{"entries": [{"address": "http://localhost:9001/3.1/addresses/member-1@example.com",
        "delivery_mode": "regular", "display_name": "None", "email": "member-1@example.com",
        "http_etag": "\"56284b25e61bc888c1caf322cb88f4fcfe5c7882\"", "list_id": "foo.example.com",
        "member_id": "00000000000000000000000000000017", "role": "member", "self_link":
        "http://localhost:9001/3.1/members/00000000000000000000000000000017", "user":
        "http://localhost:9001/3.1/users/00000000000000000000000000000014"}], "http_etag":
        "\"611ecc194b6be20b23b8e754e4222112630d566e\"", "start": 0, "total_size":
        1}'}
    headers:
      content-length: ['578']
      content-type: [application/json; charset=UTF-8]
    status: {code: 200, message: OK}
- request:
    body: null
    headers:
      accept-encoding: ['gzip, deflate']
    method: GET
    uri: http://localhost:9001/3.1/lists/foo.example.com
  response:
    body: {string: '{"description": "", "display_name": "Foo", "fqdn_listname": "foo@example.com",
        "http_etag": "\"96ac2c6b08de9392c4ce4cb92609626bc3361a6b\"", "list_id": "foo.example.com",
        "list_name": "foo", "mail_host": "example.com", "member_count": 2, "self_link":
        "http://localhost:9001/3.1/lists/foo.example.com", "volume": 1}'}
    headers:
      content-length: ['313']
      content-type: [application/json; charset=UTF-8]
    status: {code: 200, message: OK}
- request:
    body: null
    headers:
      accept-encoding: ['gzip, deflate']
    method: GET
    uri: http://localhost:9001/3.1/lists/foo.example.com/roster/owner
  response:
    body: {string: '{"http_etag": "\"32223434a0f3af4cdc4673d1fbc5bac1f6d98fd3\"",
        "start": 0, "total_size": 0}'}
    headers:
      content-length: ['90']
      content-type: [application/json; charset=UTF-8]
    status: {code: 200, message: OK}
- request:
    body: null
    headers:
      accept-encoding: ['gzip, deflate']
    method: GET
    uri: http://localhost:9001/3.1/lists/foo.example.com/roster/moderator
  response:
    body: {string: '{"http_etag": "\"32223434a0f3af4cdc4673d1fbc5bac1f6d98fd3\"",
        "start": 0, "total_size": 0}'}
    headers:
      content-length: ['90']
      content-type: [application/json; charset=UTF-8]
    status: {code: 200, message: OK}
- request:
    body: null
    headers:
      accept-encoding: ['gzip, deflate']
    method: GET
    uri: http://localhost:9001/3.1/members/find?count=0&list_id=foo.example.com&page=1&role=member&subscriber=%2Anot_a_member%2A
  response:
    body: {string: '{"http_etag": "\"32223434a0f3af4cdc4673d1fbc5bac1f6d98fd3\"",
        "start": 0, "total_size": 0}'}
    headers:
      content-length: ['90']
      content-type: [application/json; charset=UTF-8]
    status: {code: 200, message: OK}
- request:
    body: null
    headers:
      accept-encoding: ['gzip, deflate']
    method: GET
    uri: http://localhost:9001/3.1/members/find?count=25&list_id=foo.example.com&page=1&role=member&subscriber=%2Anot_a_member%2A
  response:
    body: {string: '{"http_etag": "\"32223434a0f3af4cdc4673d1fbc5bac1f6d98fd3\"",
        "start": 0, "total_size": 0}'}
    headers:
      content-length: ['90']
      content-type: [application/json; charset=UTF-8]
    status: {code: 200, message: OK}
- request:
    body: null
    headers:
      accept-encoding: ['gzip, deflate']
    method: DELETE
    uri: http://localhost:9001/3.0/lists/foo.example.com/member/member-1@example.com
  response:
    body: {string: ''}
    headers:
      Content-Length: ['0']
    status: {code: 204, message: No Content}
- request:
    body: null
    headers:
      accept-encoding: ['gzip, deflate']
    method: DELETE
    uri: http://localhost:9001/3.0/lists/foo.example.com/member/member-2@example.com
  response:
    body: {string: ''}
    headers:
      Content-Length: ['0']
    status: {code: 204, message: No Content}
- request:
    body: null
    headers:
      accept-encoding: ['gzip, deflate']
    method: GET
    uri: http://localhost:9001/3.1/lists/foo.example.com
  response:
    body: {string: '{"description": "", "display_name": "Foo", "fqdn_listname": "foo@example.com",
        "http_etag": "\"0c03b5f44b6fe77375f8f14c2dbe4e2d0219d704\"", "list_id": "foo.example.com",
        "list_name": "foo", "mail_host": "example.com", "member_count": 0, "self_link":
        "http://localhost:9001/3.1/lists/foo.example.com", "volume": 1}'}
    headers:
      content-length: ['313']
      content-type: [application/json; charset=UTF-8]
    status: {code: 200, message: OK}
- request:
    body: null
    headers:
      accept-encoding: ['gzip, deflate']
    method: GET
    uri: http://localhost:9001/3.1/lists/foo.example.com/roster/owner
  response:
    body: {string: '{"http_etag": "\"32223434a0f3af4cdc4673d1fbc5bac1f6d98fd3\"",
        "start": 0, "total_size": 0}'}
    headers:
      content-length: ['90']
      content-type: [application/json; charset=UTF-8]
    status: {code: 200, message: OK}
- request:
    body: null
    headers:
      accept-encoding: ['gzip, deflate']
    method: GET
    uri: http://localhost:9001/3.1/lists/foo.example.com/roster/moderator
  response:
    body: {string: '{"http_etag": "\"32223434a0f3af4cdc4673d1fbc5bac1f6d98fd3\"",
        "start": 0, "total_size": 0}'}
    headers:
      content-length: ['90']
      content-type: [application/json; charset=UTF-8]
    status: {code: 200, message: OK}
- request:
    body: null
    headers:
      accept-encoding: ['gzip, deflate']
    method: GET
    uri: http://localhost:9001/3.1/members/find?count=0&list_id=foo.example.com&page=1&role=member
  response:
    body: {string: '{"http_etag": "\"32223434a0f3af4cdc4673d1fbc5bac1f6d98fd3\"",
        "start": 0, "total_size": 0}'}
    headers:
      content-length: ['90']
      content-type: [application/json; charset=UTF-8]
    status: {code: 200, message: OK}
- request:
    body: null
    headers:
      accept-encoding: ['gzip, deflate']
    method: GET
    uri: http://localhost:9001/3.1/members/find?count=25&list_id=foo.example.com&page=1&role=member
  response:
    body: {string: '{"http_etag": "\"32223434a0f3af4cdc4673d1fbc5bac1f6d98fd3\"",
        "start": 0, "total_size": 0}'}
    headers:
      content-length: ['90']
      content-type: [application/json; charset=UTF-8]
    status: {code: 200, message: OK}
- request:
    body: null
    headers:
      accept-encoding: ['gzip, deflate']
    method: DELETE
    uri: http://localhost:9001/3.0/lists/foo.example.com
  response:
    body: {string: ''}
    headers:
      Content-Length: ['0']
    status: {code: 204, message: No Content}
- request:
    body: null
    headers:
      accept-encoding: ['gzip, deflate']
    method: DELETE
    uri: http://localhost:9001/3.0/domains/example.com
  response:
    body: {string: ''}
    headers:
      Content-Length: ['0']
    status: {code: 204, message: No Content}
version: 1
