interactions:
- request:
    body: mail_host=example.com
    headers:
      accept-encoding: ['gzip, deflate']
      content-type: [application/x-www-form-urlencoded]
    method: POST
    uri: http://localhost:9001/3.0/domains
  response:
    body: {string: ''}
    headers:
      content-length: ['0']
      content-type: [application/json; charset=UTF-8]
      location: ['http://localhost:9001/3.0/domains/example.com']
    status: {code: 201, message: Created}
- request:
    body: null
    headers:
      accept-encoding: ['gzip, deflate']
    method: GET
    uri: http://localhost:9001/3.0/domains/example.com
  response:
    body: {string: '{"alias_domain": null, "description": null, "http_etag": "\"492652d581dc93af101db450d81ae93a074bff49\"",
        "mail_host": "example.com", "self_link": "http://localhost:9001/3.0/domains/example.com"}'}
    headers:
      content-length: ['194']
      content-type: [application/json; charset=UTF-8]
    status: {code: 200, message: OK}
- request:
    body: fqdn_listname=foo%40example.com
    headers:
      accept-encoding: ['gzip, deflate']
      content-type: [application/x-www-form-urlencoded]
    method: POST
    uri: http://localhost:9001/3.0/lists
  response:
    body: {string: ''}
    headers:
      content-length: ['0']
      content-type: [application/json; charset=UTF-8]
      location: ['http://localhost:9001/3.0/lists/foo.example.com']
    status: {code: 201, message: Created}
- request:
    body: null
    headers:
      accept-encoding: ['gzip, deflate']
    method: GET
    uri: http://localhost:9001/3.0/lists/foo.example.com
  response:
    body: {string: '{"description": "", "display_name": "Foo", "fqdn_listname": "foo@example.com",
        "http_etag": "\"490ba5a3f1642771810284491327932ca01ce4f2\"", "list_id": "foo.example.com",
        "list_name": "foo", "mail_host": "example.com", "member_count": 0, "self_link":
        "http://localhost:9001/3.0/lists/foo.example.com", "volume": 1}'}
    headers:
      content-length: ['313']
      content-type: [application/json; charset=UTF-8]
    status: {code: 200, message: OK}
- request:
    body: display_name=None&list_id=foo.example.com&role=owner&subscriber=owner%40example.com
    headers:
      accept-encoding: ['gzip, deflate']
      content-type: [application/x-www-form-urlencoded]
    method: POST
    uri: http://localhost:9001/3.0/members
  response:
    body: {string: ''}
    headers:
      content-length: ['0']
      content-type: [application/json; charset=UTF-8]
      location: ['http://localhost:9001/3.0/members/108']
    status: {code: 201, message: Created}
- request:
    body: display_name=None&list_id=foo.example.com&role=moderator&subscriber=moderator%40example.com
    headers:
      accept-encoding: ['gzip, deflate']
      content-type: [application/x-www-form-urlencoded]
    method: POST
    uri: http://localhost:9001/3.0/members
  response:
    body: {string: ''}
    headers:
      content-length: ['0']
      content-type: [application/json; charset=UTF-8]
      location: ['http://localhost:9001/3.0/members/109']
    status: {code: 201, message: Created}
- request:
    body: email=test%40example.com
    headers:
      accept-encoding: ['gzip, deflate']
      content-type: [application/x-www-form-urlencoded]
    method: POST
    uri: http://localhost:9001/3.0/users
  response:
    body: {string: ''}
    headers:
      content-length: ['0']
      content-type: [application/json; charset=UTF-8]
      location: ['http://localhost:9001/3.0/users/110']
    status: {code: 201, message: Created}
- request:
    body: null
    headers:
      accept-encoding: ['gzip, deflate']
    method: GET
    uri: http://localhost:9001/3.0/users/110
  response:
    body: {string: '{"created_on": "2005-08-01T07:49:23", "http_etag": "\"a51cc877514eba35a66acac94b895f3048a96890\"",
        "is_server_owner": false, "password": "$6$rounds=656000$Gfvq4sN/88fHQSeL$F.lZpdWCXOWWyisZvNX1J35vSiUfEF5sjuKMqd4EP4yocDq1ZUEqbj5791250DJ0OeEEJOQ77wlFzmANP4DOC1",
        "self_link": "http://localhost:9001/3.0/users/110", "user_id": 110}'}
    headers:
      content-length: ['328']
      content-type: [application/json; charset=UTF-8]
    status: {code: 200, message: OK}
- request:
    body: null
    headers:
      accept-encoding: ['gzip, deflate']
    method: GET
    uri: http://localhost:9001/3.0/users/110/addresses
  response:
    body: {string: '{"entries": [{"email": "test@example.com", "http_etag": "\"c8f0967b034222c7b791848c438fcd39871ccf40\"",
        "original_email": "test@example.com", "registered_on": "2005-08-01T07:49:23",
        "self_link": "http://localhost:9001/3.0/addresses/test@example.com", "user":
        "http://localhost:9001/3.0/users/110"}], "http_etag": "\"03d7eda98474e3d2e8fcdfedffb90afd87737507\"",
        "start": 0, "total_size": 1}'}
    headers:
      content-length: ['389']
      content-type: [application/json; charset=UTF-8]
    status: {code: 200, message: OK}
- request:
    body: null
    headers:
      accept-encoding: ['gzip, deflate']
    method: POST
    uri: http://localhost:9001/3.0/addresses/test@example.com/verify
  response:
    body: {string: ''}
    headers:
      Content-Length: ['0']
    status: {code: 204, message: No Content}
- request:
    body: display_name=None&list_id=foo.example.com&pre_approved=True&pre_confirmed=True&pre_verified=True&subscriber=test%40example.com
    headers:
      accept-encoding: ['gzip, deflate']
      content-type: [application/x-www-form-urlencoded]
    method: POST
    uri: http://localhost:9001/3.0/members
  response:
    body: {string: ''}
    headers:
      content-length: ['0']
      content-type: [application/json; charset=UTF-8]
      location: ['http://localhost:9001/3.0/members/110']
    status: {code: 201, message: Created}
- request:
    body: null
    headers:
      accept-encoding: ['gzip, deflate']
    method: GET
    uri: http://localhost:9001/3.1/lists/foo.example.com
  response:
    body: {string: '{"description": "", "display_name": "Foo", "fqdn_listname": "foo@example.com",
        "http_etag": "\"e6ac860d8568e6317a6f5469d706d502e3d4cacb\"", "list_id": "foo.example.com",
        "list_name": "foo", "mail_host": "example.com", "member_count": 1, "self_link":
        "http://localhost:9001/3.1/lists/foo.example.com", "volume": 1}'}
    headers:
      content-length: ['313']
      content-type: [application/json; charset=UTF-8]
    status: {code: 200, message: OK}
- request:
    body: list_id=foo.example.com&subscriber=test%40example.com
    headers:
      accept-encoding: ['gzip, deflate']
      content-type: [application/x-www-form-urlencoded]
    method: POST
    uri: http://localhost:9001/3.1/members/find?list_id=foo.example.com&subscriber=test%40example.com
  response:
    body: {string: '{"entries": [{"address": "http://localhost:9001/3.1/addresses/test@example.com",
        "delivery_mode": "regular", "display_name": "", "email": "test@example.com",
        "http_etag": "\"90305ba5b76e7dbee5906182c1cd7a02b84f810d\"", "list_id": "foo.example.com",
        "member_id": "0000000000000000000000000000006e", "role": "member", "self_link":
        "http://localhost:9001/3.1/members/0000000000000000000000000000006e", "user":
        "http://localhost:9001/3.1/users/0000000000000000000000000000006e"}], "http_etag":
        "\"fef539d687b4e7b73b5fd4c7a9ef5e921461579c\"", "start": 0, "total_size":
        1}'}
    headers:
      content-length: ['566']
      content-type: [application/json; charset=UTF-8]
    status: {code: 200, message: OK}
- request:
    body: null
    headers:
      accept-encoding: ['gzip, deflate']
    method: GET
    uri: http://localhost:9001/3.1/members/0000000000000000000000000000006e/preferences
  response:
    body: {string: '{"http_etag": "\"a38182cf1211c2e861aedaae52a6dece56d10985\"",
        "self_link": "http://localhost:9001/3.1/members/0000000000000000000000000000006e/preferences"}'}
    headers:
      content-length: ['156']
      content-type: [application/json; charset=UTF-8]
    status: {code: 200, message: OK}
- request:
    body: null
    headers:
      accept-encoding: ['gzip, deflate']
    method: GET
    uri: http://localhost:9001/3.0/domains
  response:
    body: {string: '{"entries": [{"alias_domain": null, "description": null, "http_etag":
        "\"492652d581dc93af101db450d81ae93a074bff49\"", "mail_host": "example.com",
        "self_link": "http://localhost:9001/3.0/domains/example.com"}], "http_etag":
        "\"5868fb6d2442c0d163e0edb2bfd7a92b6c812796\"", "start": 0, "total_size":
        1}'}
    headers:
      content-length: ['299']
      content-type: [application/json; charset=UTF-8]
    status: {code: 200, message: OK}
- request:
    body: null
    headers:
      accept-encoding: ['gzip, deflate']
    method: DELETE
    uri: http://localhost:9001/3.0/domains/example.com
  response:
    body: {string: ''}
    headers:
      Content-Length: ['0']
    status: {code: 204, message: No Content}
- request:
    body: null
    headers:
      accept-encoding: ['gzip, deflate']
    method: GET
    uri: http://localhost:9001/3.0/users
  response:
    body: {string: '{"entries": [{"created_on": "2005-08-01T07:49:23", "display_name":
        "None", "http_etag": "\"be0b24af66b14f066f01a9739bfc41dea2681275\"", "is_server_owner":
        false, "self_link": "http://localhost:9001/3.0/users/108", "user_id": 108},
        {"created_on": "2005-08-01T07:49:23", "display_name": "None", "http_etag":
        "\"5424e86150dfc1bfdc17389ca84dd3e6a1c3e649\"", "is_server_owner": false,
        "self_link": "http://localhost:9001/3.0/users/109", "user_id": 109}, {"created_on":
        "2005-08-01T07:49:23", "http_etag": "\"a51cc877514eba35a66acac94b895f3048a96890\"",
        "is_server_owner": false, "password": "$6$rounds=656000$Gfvq4sN/88fHQSeL$F.lZpdWCXOWWyisZvNX1J35vSiUfEF5sjuKMqd4EP4yocDq1ZUEqbj5791250DJ0OeEEJOQ77wlFzmANP4DOC1",
        "self_link": "http://localhost:9001/3.0/users/110", "user_id": 110}], "http_etag":
        "\"fa17312dcf1bd3a2e7f13af098189dcfe2f4998a\"", "start": 0, "total_size":
        3}'}
    headers:
      content-length: ['869']
      content-type: [application/json; charset=UTF-8]
    status: {code: 200, message: OK}
- request:
    body: null
    headers:
      accept-encoding: ['gzip, deflate']
    method: DELETE
    uri: http://localhost:9001/3.0/users/108
  response:
    body: {string: ''}
    headers:
      Content-Length: ['0']
    status: {code: 204, message: No Content}
- request:
    body: null
    headers:
      accept-encoding: ['gzip, deflate']
    method: DELETE
    uri: http://localhost:9001/3.0/users/109
  response:
    body: {string: ''}
    headers:
      Content-Length: ['0']
    status: {code: 204, message: No Content}
- request:
    body: null
    headers:
      accept-encoding: ['gzip, deflate']
    method: DELETE
    uri: http://localhost:9001/3.0/users/110
  response:
    body: {string: ''}
    headers:
      Content-Length: ['0']
    status: {code: 204, message: No Content}
version: 1
