interactions:
- request:
    body: mail_host=example.com
    headers:
      accept-encoding: ['gzip, deflate']
      content-type: [application/x-www-form-urlencoded]
    method: POST
    uri: http://localhost:9001/3.0/domains
  response:
    body: {string: ''}
    headers:
      content-length: ['0']
      content-type: [application/json; charset=UTF-8]
      location: ['http://localhost:9001/3.0/domains/example.com']
    status: {code: 201, message: Created}
- request:
    body: null
    headers:
      accept-encoding: ['gzip, deflate']
    method: GET
    uri: http://localhost:9001/3.0/domains/example.com
  response:
    body: {string: '{"alias_domain": null, "description": null, "http_etag": "\"492652d581dc93af101db450d81ae93a074bff49\"",
        "mail_host": "example.com", "self_link": "http://localhost:9001/3.0/domains/example.com"}'}
    headers:
      content-length: ['194']
      content-type: [application/json; charset=UTF-8]
    status: {code: 200, message: OK}
- request:
    body: fqdn_listname=fun%40example.com
    headers:
      accept-encoding: ['gzip, deflate']
      content-type: [application/x-www-form-urlencoded]
    method: POST
    uri: http://localhost:9001/3.0/lists
  response:
    body: {string: ''}
    headers:
      content-length: ['0']
      content-type: [application/json; charset=UTF-8]
      location: ['http://localhost:9001/3.0/lists/fun.example.com']
    status: {code: 201, message: Created}
- request:
    body: null
    headers:
      accept-encoding: ['gzip, deflate']
    method: GET
    uri: http://localhost:9001/3.0/lists/fun.example.com
  response:
    body: {string: '{"display_name": "Fun", "fqdn_listname": "fun@example.com", "http_etag":
        "\"c1308a7df3c18c5c947c5df9e9ee2f5edf36431c\"", "list_id": "fun.example.com",
        "list_name": "fun", "mail_host": "example.com", "member_count": 0, "self_link":
        "http://localhost:9001/3.0/lists/fun.example.com", "volume": 1}'}
    headers:
      content-length: ['294']
      content-type: [application/json; charset=UTF-8]
    status: {code: 200, message: OK}
- request:
    body: display_name=None&list_id=fun.example.com&role=owner&subscriber=owner%40example.com
    headers:
      accept-encoding: ['gzip, deflate']
      content-type: [application/x-www-form-urlencoded]
    method: POST
    uri: http://localhost:9001/3.0/members
  response:
    body: {string: ''}
    headers:
      content-length: ['0']
      content-type: [application/json; charset=UTF-8]
      location: ['http://localhost:9001/3.0/members/885']
    status: {code: 201, message: Created}
- request:
    body: display_name=None&list_id=fun.example.com&role=moderator&subscriber=mod%40example.com
    headers:
      accept-encoding: ['gzip, deflate']
      content-type: [application/x-www-form-urlencoded]
    method: POST
    uri: http://localhost:9001/3.0/members
  response:
    body: {string: ''}
    headers:
      content-length: ['0']
      content-type: [application/json; charset=UTF-8]
      location: ['http://localhost:9001/3.0/members/886']
    status: {code: 201, message: Created}
- request:
    body: null
    headers:
      accept-encoding: ['gzip, deflate']
    method: GET
    uri: http://localhost:9001/3.1/lists/fun.example.com
  response:
    body: {string: '{"display_name": "Fun", "fqdn_listname": "fun@example.com", "http_etag":
        "\"b2ce21d1ea555be3b6803cb63398f645f6a9b15a\"", "list_id": "fun.example.com",
        "list_name": "fun", "mail_host": "example.com", "member_count": 0, "self_link":
        "http://localhost:9001/3.1/lists/fun.example.com", "volume": 1}'}
    headers:
      content-length: ['294']
      content-type: [application/json; charset=UTF-8]
    status: {code: 200, message: OK}
- request:
    body: null
    headers:
      accept-encoding: ['gzip, deflate']
    method: GET
    uri: http://localhost:9001/3.1/lists/fun.example.com/roster/owner
  response:
    body: {string: '{"entries": [{"address": "http://localhost:9001/3.1/addresses/owner@example.com",
        "delivery_mode": "regular", "display_name": "None", "email": "owner@example.com",
        "http_etag": "\"3caef587bfbd2f1fd481e84ffa877a450a4ab845\"", "list_id": "fun.example.com",
        "member_id": "00000000000000000000000000000375", "moderation_action": "accept",
        "role": "owner", "self_link": "http://localhost:9001/3.1/members/00000000000000000000000000000375",
        "user": "http://localhost:9001/3.1/users/0000000000000000000000000000047e"}],
        "http_etag": "\"4c107b0ad02b6e4f8d5a270ecfea9c21f1d7968a\"", "start": 0, "total_size":
        1}'}
    headers:
      content-length: ['602']
      content-type: [application/json; charset=UTF-8]
    status: {code: 200, message: OK}
- request:
    body: null
    headers:
      accept-encoding: ['gzip, deflate']
    method: GET
    uri: http://localhost:9001/3.1/lists/fun.example.com/roster/moderator
  response:
    body: {string: '{"entries": [{"address": "http://localhost:9001/3.1/addresses/mod@example.com",
        "delivery_mode": "regular", "display_name": "None", "email": "mod@example.com",
        "http_etag": "\"86640a85865b32ec8ec7256e2cba41caf4a88fe3\"", "list_id": "fun.example.com",
        "member_id": "00000000000000000000000000000376", "moderation_action": "accept",
        "role": "moderator", "self_link": "http://localhost:9001/3.1/members/00000000000000000000000000000376",
        "user": "http://localhost:9001/3.1/users/0000000000000000000000000000047f"}],
        "http_etag": "\"6555c8c4a626eb483d7ba3e3eb2e490f990d39cf\"", "start": 0, "total_size":
        1}'}
    headers:
      content-length: ['602']
      content-type: [application/json; charset=UTF-8]
    status: {code: 200, message: OK}
- request:
    body: null
    headers:
      accept-encoding: ['gzip, deflate']
    method: GET
    uri: http://localhost:9001/3.1/lists/fun.example.com
  response:
    body: {string: '{"display_name": "Fun", "fqdn_listname": "fun@example.com", "http_etag":
        "\"b2ce21d1ea555be3b6803cb63398f645f6a9b15a\"", "list_id": "fun.example.com",
        "list_name": "fun", "mail_host": "example.com", "member_count": 0, "self_link":
        "http://localhost:9001/3.1/lists/fun.example.com", "volume": 1}'}
    headers:
      content-length: ['294']
      content-type: [application/json; charset=UTF-8]
    status: {code: 200, message: OK}
- request:
    body: list%3Aadmin%3Aaction%3Apost=http%3A%2F%2Flocalhost%3A8000%2Fpostorius%2Fapi%2Ftemplates%2Flist%2Ffun.example.com%2Flist%3Aadmin%3Aaction%3Apost
    headers:
      accept-encoding: ['gzip, deflate']
      content-type: [application/x-www-form-urlencoded]
    method: PATCH
    uri: http://localhost:9001/3.1/lists/fun.example.com/uris
  response:
    body: {string: ''}
    headers:
      Content-Length: ['0']
    status: {code: 204, message: No Content}
- request:
    body: fqdn_listname=new%40example.com
    headers:
      accept-encoding: ['gzip, deflate']
      content-type: [application/x-www-form-urlencoded]
    method: POST
    uri: http://localhost:9001/3.0/lists
  response:
    body: {string: ''}
    headers:
      content-length: ['0']
      content-type: [application/json; charset=UTF-8]
      location: ['http://localhost:9001/3.0/lists/new.example.com']
    status: {code: 201, message: Created}
- request:
    body: null
    headers:
      accept-encoding: ['gzip, deflate']
    method: GET
    uri: http://localhost:9001/3.1/lists/new.example.com
  response:
    body: {string: '{"display_name": "New", "fqdn_listname": "new@example.com", "http_etag":
        "\"8767a8fb85b83e588513f6153a42758cdb4031bc\"", "list_id": "new.example.com",
        "list_name": "new", "mail_host": "example.com", "member_count": 0, "self_link":
        "http://localhost:9001/3.1/lists/new.example.com", "volume": 1}'}
    headers:
      content-length: ['294']
      content-type: [application/json; charset=UTF-8]
    status: {code: 200, message: OK}
- request:
    body: list%3Aadmin%3Aaction%3Apost=http%3A%2F%2Flocalhost%3A8000%2Fpostorius%2Fapi%2Ftemplates%2Flist%2Fnew.example.com%2Flist%3Aadmin%3Aaction%3Apost
    headers:
      accept-encoding: ['gzip, deflate']
      content-type: [application/x-www-form-urlencoded]
    method: PATCH
    uri: http://localhost:9001/3.1/lists/new.example.com/uris
  response:
    body: {string: ''}
    headers:
      Content-Length: ['0']
    status: {code: 204, message: No Content}
- request:
    body: null
    headers:
      accept-encoding: ['gzip, deflate']
    method: GET
    uri: http://localhost:9001/3.0/lists/new.example.com/uris
  response:
    body: {string: '{"title": "404 Not Found"}'}
    headers:
      content-length: ['26']
      content-type: [application/json; charset=UTF-8]
      vary: [Accept]
    status: {code: 404, message: Not Found}
- request:
    body: null
    headers:
      accept-encoding: ['gzip, deflate']
    method: GET
    uri: http://localhost:9001/3.0/uris
  response:
    body: {string: '{"title": "404 Not Found"}'}
    headers:
      content-length: ['26']
      content-type: [application/json; charset=UTF-8]
      vary: [Accept]
    status: {code: 404, message: Not Found}
- request:
    body: null
    headers:
      accept-encoding: ['gzip, deflate']
    method: GET
    uri: http://localhost:9001/3.0/domains/example.com/uris
  response:
    body: {string: '{"title": "404 Not Found"}'}
    headers:
      content-length: ['26']
      content-type: [application/json; charset=UTF-8]
      vary: [Accept]
    status: {code: 404, message: Not Found}
- request:
    body: null
    headers:
      accept-encoding: ['gzip, deflate']
    method: GET
    uri: http://localhost:9001/3.0/lists/fun.example.com/uris
  response:
    body: {string: '{"title": "404 Not Found"}'}
    headers:
      content-length: ['26']
      content-type: [application/json; charset=UTF-8]
      vary: [Accept]
    status: {code: 404, message: Not Found}
- request:
    body: null
    headers:
      accept-encoding: ['gzip, deflate']
    method: GET
    uri: http://localhost:9001/3.0/domains
  response:
    body: {string: '{"entries": [{"alias_domain": null, "description": null, "http_etag":
        "\"492652d581dc93af101db450d81ae93a074bff49\"", "mail_host": "example.com",
        "self_link": "http://localhost:9001/3.0/domains/example.com"}], "http_etag":
        "\"5868fb6d2442c0d163e0edb2bfd7a92b6c812796\"", "start": 0, "total_size":
        1}'}
    headers:
      content-length: ['299']
      content-type: [application/json; charset=UTF-8]
    status: {code: 200, message: OK}
- request:
    body: null
    headers:
      accept-encoding: ['gzip, deflate']
    method: DELETE
    uri: http://localhost:9001/3.0/domains/example.com
  response:
    body: {string: ''}
    headers:
      Content-Length: ['0']
    status: {code: 204, message: No Content}
- request:
    body: null
    headers:
      accept-encoding: ['gzip, deflate']
    method: GET
    uri: http://localhost:9001/3.0/users
  response:
    body: {string: '{"entries": [{"created_on": "2005-08-01T07:49:23", "display_name":
        "None", "http_etag": "\"21b3a65946c0e33ab49931e2dc22df25039ef4ed\"", "is_server_owner":
        false, "self_link": "http://localhost:9001/3.0/users/1150", "user_id": 1150},
        {"created_on": "2005-08-01T07:49:23", "display_name": "None", "http_etag":
        "\"e92f884c05cbd274db11e8ffc9db39df17efa0a5\"", "is_server_owner": false,
        "self_link": "http://localhost:9001/3.0/users/1151", "user_id": 1151}], "http_etag":
        "\"466688f72c257cd1cbce2d369cea302f0d1115ba\"", "start": 0, "total_size":
        2}'}
    headers:
      content-length: ['543']
      content-type: [application/json; charset=UTF-8]
    status: {code: 200, message: OK}
- request:
    body: null
    headers:
      accept-encoding: ['gzip, deflate']
    method: DELETE
    uri: http://localhost:9001/3.0/users/1150
  response:
    body: {string: ''}
    headers:
      Content-Length: ['0']
    status: {code: 204, message: No Content}
- request:
    body: null
    headers:
      accept-encoding: ['gzip, deflate']
    method: DELETE
    uri: http://localhost:9001/3.0/users/1151
  response:
    body: {string: ''}
    headers:
      Content-Length: ['0']
    status: {code: 204, message: No Content}
version: 1
