interactions:
- request:
    body: mail_host=example.com
    headers:
      accept-encoding: ['gzip, deflate']
      content-type: [application/x-www-form-urlencoded]
    method: POST
    uri: http://localhost:9001/3.0/domains
  response:
    body: {string: ''}
    headers:
      content-length: ['0']
      content-type: [application/json; charset=UTF-8]
      location: ['http://localhost:9001/3.0/domains/example.com']
    status: {code: 201, message: Created}
- request:
    body: null
    headers:
      accept-encoding: ['gzip, deflate']
    method: GET
    uri: http://localhost:9001/3.0/domains/example.com
  response:
    body: {string: '{"alias_domain": null, "description": null, "http_etag": "\"492652d581dc93af101db450d81ae93a074bff49\"",
        "mail_host": "example.com", "self_link": "http://localhost:9001/3.0/domains/example.com"}'}
    headers:
      content-length: ['194']
      content-type: [application/json; charset=UTF-8]
    status: {code: 200, message: OK}
- request:
    body: fqdn_listname=open_list%40example.com
    headers:
      accept-encoding: ['gzip, deflate']
      content-type: [application/x-www-form-urlencoded]
    method: POST
    uri: http://localhost:9001/3.0/lists
  response:
    body: {string: ''}
    headers:
      content-length: ['0']
      content-type: [application/json; charset=UTF-8]
      location: ['http://localhost:9001/3.0/lists/open_list.example.com']
    status: {code: 201, message: Created}
- request:
    body: null
    headers:
      accept-encoding: ['gzip, deflate']
    method: GET
    uri: http://localhost:9001/3.0/lists/open_list.example.com
  response:
    body: {string: '{"display_name": "Open_list", "fqdn_listname": "open_list@example.com",
        "http_etag": "\"6726e101e1dd1de6043eee72f741d4c2479f4735\"", "list_id": "open_list.example.com",
        "list_name": "open_list", "mail_host": "example.com", "member_count": 0, "self_link":
        "http://localhost:9001/3.0/lists/open_list.example.com", "volume": 1}'}
    headers:
      content-length: ['324']
      content-type: [application/json; charset=UTF-8]
    status: {code: 200, message: OK}
- request:
    body: null
    headers:
      accept-encoding: ['gzip, deflate']
    method: GET
    uri: http://localhost:9001/3.0/lists/open_list@example.com/config
  response:
    body: {string: '{"acceptable_aliases": [], "admin_immed_notify": true, "admin_notify_mchanges":
        false, "administrivia": true, "advertised": true, "allow_list_posts": true,
        "anonymous_list": false, "archive_policy": "public", "autorespond_owner":
        "none", "autorespond_postings": "none", "autorespond_requests": "none", "autoresponse_grace_period":
        "90d", "autoresponse_owner_text": "", "autoresponse_postings_text": "", "autoresponse_request_text":
        "", "bounces_address": "open_list-bounces@example.com", "collapse_alternatives":
        true, "convert_html_to_plaintext": false, "created_at": "2005-08-01T07:49:23",
        "default_member_action": "defer", "default_nonmember_action": "hold", "description":
        "", "digest_footer_uri": "", "digest_header_uri": "", "digest_last_sent_at":
        null, "digest_send_periodic": true, "digest_size_threshold": 30.0, "digest_volume_frequency":
        "monthly", "digests_enabled": true, "display_name": "Open_list", "dmarc_mitigate_action":
        "no_mitigation", "dmarc_mitigate_unconditionally": false, "dmarc_moderation_notice":
        "", "dmarc_wrapped_message_text": "", "filter_content": false, "first_strip_reply_to":
        false, "footer_uri": "", "fqdn_listname": "open_list@example.com", "goodbye_message_uri":
        "", "header_uri": "", "http_etag": "\"025b0168df82fd7a599c21e0d8150f504a8d3c1d\"",
        "include_rfc2369_headers": true, "info": "", "join_address": "open_list-join@example.com",
        "last_post_at": null, "leave_address": "open_list-leave@example.com", "list_name":
        "open_list", "mail_host": "example.com", "max_message_size": 40, "moderator_password":
        null, "next_digest_number": 1, "no_reply_address": "noreply@example.com",
        "owner_address": "open_list-owner@example.com", "post_id": 1, "posting_address":
        "open_list@example.com", "posting_pipeline": "default-posting-pipeline", "reply_goes_to_list":
        "no_munging", "reply_to_address": "", "request_address": "open_list-request@example.com",
        "require_explicit_destination": true, "respond_to_post_requests": true, "send_welcome_message":
        true, "subject_prefix": "[Open_list] ", "subscription_policy": "confirm",
        "volume": 1, "welcome_message_uri": ""}'}
    headers:
      content-length: ['2093']
      content-type: [application/json; charset=UTF-8]
    status: {code: 200, message: OK}
- request:
    body: subscription_policy=open
    headers:
      accept-encoding: ['gzip, deflate']
      content-type: [application/x-www-form-urlencoded]
    method: PATCH
    uri: http://localhost:9001/3.0/lists/open_list@example.com/config
  response:
    body: {string: ''}
    headers:
      Content-Length: ['0']
    status: {code: 204, message: No Content}
- request:
    body: fqdn_listname=moderate_subs%40example.com
    headers:
      accept-encoding: ['gzip, deflate']
      content-type: [application/x-www-form-urlencoded]
    method: POST
    uri: http://localhost:9001/3.0/lists
  response:
    body: {string: ''}
    headers:
      content-length: ['0']
      content-type: [application/json; charset=UTF-8]
      location: ['http://localhost:9001/3.0/lists/moderate_subs.example.com']
    status: {code: 201, message: Created}
- request:
    body: null
    headers:
      accept-encoding: ['gzip, deflate']
    method: GET
    uri: http://localhost:9001/3.0/lists/moderate_subs.example.com
  response:
    body: {string: '{"display_name": "Moderate_subs", "fqdn_listname": "moderate_subs@example.com",
        "http_etag": "\"4cf5a031a451ad84a54e4c708cacda8e676e617f\"", "list_id": "moderate_subs.example.com",
        "list_name": "moderate_subs", "mail_host": "example.com", "member_count":
        0, "self_link": "http://localhost:9001/3.0/lists/moderate_subs.example.com",
        "volume": 1}'}
    headers:
      content-length: ['344']
      content-type: [application/json; charset=UTF-8]
    status: {code: 200, message: OK}
- request:
    body: null
    headers:
      accept-encoding: ['gzip, deflate']
    method: GET
    uri: http://localhost:9001/3.0/lists/moderate_subs@example.com/config
  response:
    body: {string: '{"acceptable_aliases": [], "admin_immed_notify": true, "admin_notify_mchanges":
        false, "administrivia": true, "advertised": true, "allow_list_posts": true,
        "anonymous_list": false, "archive_policy": "public", "autorespond_owner":
        "none", "autorespond_postings": "none", "autorespond_requests": "none", "autoresponse_grace_period":
        "90d", "autoresponse_owner_text": "", "autoresponse_postings_text": "", "autoresponse_request_text":
        "", "bounces_address": "moderate_subs-bounces@example.com", "collapse_alternatives":
        true, "convert_html_to_plaintext": false, "created_at": "2005-08-01T07:49:23",
        "default_member_action": "defer", "default_nonmember_action": "hold", "description":
        "", "digest_footer_uri": "", "digest_header_uri": "", "digest_last_sent_at":
        null, "digest_send_periodic": true, "digest_size_threshold": 30.0, "digest_volume_frequency":
        "monthly", "digests_enabled": true, "display_name": "Moderate_subs", "dmarc_mitigate_action":
        "no_mitigation", "dmarc_mitigate_unconditionally": false, "dmarc_moderation_notice":
        "", "dmarc_wrapped_message_text": "", "filter_content": false, "first_strip_reply_to":
        false, "footer_uri": "", "fqdn_listname": "moderate_subs@example.com", "goodbye_message_uri":
        "", "header_uri": "", "http_etag": "\"4de5d418581971ed8e5877d8f901d43985535398\"",
        "include_rfc2369_headers": true, "info": "", "join_address": "moderate_subs-join@example.com",
        "last_post_at": null, "leave_address": "moderate_subs-leave@example.com",
        "list_name": "moderate_subs", "mail_host": "example.com", "max_message_size":
        40, "moderator_password": null, "next_digest_number": 1, "no_reply_address":
        "noreply@example.com", "owner_address": "moderate_subs-owner@example.com",
        "post_id": 1, "posting_address": "moderate_subs@example.com", "posting_pipeline":
        "default-posting-pipeline", "reply_goes_to_list": "no_munging", "reply_to_address":
        "", "request_address": "moderate_subs-request@example.com", "require_explicit_destination":
        true, "respond_to_post_requests": true, "send_welcome_message": true, "subject_prefix":
        "[Moderate_subs] ", "subscription_policy": "confirm", "volume": 1, "welcome_message_uri":
        ""}'}
    headers:
      content-length: ['2133']
      content-type: [application/json; charset=UTF-8]
    status: {code: 200, message: OK}
- request:
    body: subscription_policy=moderate
    headers:
      accept-encoding: ['gzip, deflate']
      content-type: [application/x-www-form-urlencoded]
    method: PATCH
    uri: http://localhost:9001/3.0/lists/moderate_subs@example.com/config
  response:
    body: {string: ''}
    headers:
      Content-Length: ['0']
    status: {code: 204, message: No Content}
- request:
    body: email=test%40example.com
    headers:
      accept-encoding: ['gzip, deflate']
      content-type: [application/x-www-form-urlencoded]
    method: POST
    uri: http://localhost:9001/3.0/users
  response:
    body: {string: ''}
    headers:
      content-length: ['0']
      content-type: [application/json; charset=UTF-8]
      location: ['http://localhost:9001/3.0/users/956']
    status: {code: 201, message: Created}
- request:
    body: email=fritz%40example.org
    headers:
      accept-encoding: ['gzip, deflate']
      content-type: [application/x-www-form-urlencoded]
    method: POST
    uri: http://localhost:9001/3.0/users/956/addresses
  response:
    body: {string: ''}
    headers:
      content-length: ['0']
      content-type: [application/json; charset=UTF-8]
      location: ['http://localhost:9001/3.0/addresses/fritz@example.org']
    status: {code: 201, message: Created}
- request:
    body: null
    headers:
      accept-encoding: ['gzip, deflate']
    method: GET
    uri: http://localhost:9001/3.0/users/956
  response:
    body: {string: '{"created_on": "2005-08-01T07:49:23", "http_etag": "\"145ae66e1c509ce96410e5a02ed3cf913e9ef4e1\"",
        "is_server_owner": false, "password": "$6$rounds=656000$jebAzssN4E/aSyTh$j9fkJ0bPplBq0H.v79pF22V1rIomGgyq4ULaY9HwHuhU8OIZzETFqyl4sN10f3TKI.GZ/.HjqQnd5mQngRpTB1",
        "self_link": "http://localhost:9001/3.0/users/956", "user_id": 956}'}
    headers:
      content-length: ['328']
      content-type: [application/json; charset=UTF-8]
    status: {code: 200, message: OK}
- request:
    body: null
    headers:
      accept-encoding: ['gzip, deflate']
    method: GET
    uri: http://localhost:9001/3.0/users/956/addresses
  response:
    body: {string: '{"entries": [{"email": "fritz@example.org", "http_etag": "\"9f1e9f3d66146307bc1182eb4eda1f0905f20dae\"",
        "original_email": "fritz@example.org", "registered_on": "2005-08-01T07:49:23",
        "self_link": "http://localhost:9001/3.0/addresses/fritz@example.org", "user":
        "http://localhost:9001/3.0/users/956"}, {"email": "test@example.com", "http_etag":
        "\"cf95888b6e1ca92d985869308586383350c5991a\"", "original_email": "test@example.com",
        "registered_on": "2005-08-01T07:49:23", "self_link": "http://localhost:9001/3.0/addresses/test@example.com",
        "user": "http://localhost:9001/3.0/users/956"}], "http_etag": "\"2cd5dca31d3bc1111d272557d77a5bc424819d87\"",
        "start": 0, "total_size": 2}'}
    headers:
      content-length: ['678']
      content-type: [application/json; charset=UTF-8]
    status: {code: 200, message: OK}
- request:
    body: null
    headers:
      accept-encoding: ['gzip, deflate']
    method: POST
    uri: http://localhost:9001/3.0/addresses/fritz@example.org/verify
  response:
    body: {string: ''}
    headers:
      Content-Length: ['0']
    status: {code: 204, message: No Content}
- request:
    body: null
    headers:
      accept-encoding: ['gzip, deflate']
    method: POST
    uri: http://localhost:9001/3.0/addresses/test@example.com/verify
  response:
    body: {string: ''}
    headers:
      Content-Length: ['0']
    status: {code: 204, message: No Content}
- request:
    body: null
    headers:
      accept-encoding: ['gzip, deflate']
    method: GET
    uri: http://localhost:9001/3.1/lists/open_list.example.com
  response:
    body: {string: '{"display_name": "Open_list", "fqdn_listname": "open_list@example.com",
        "http_etag": "\"8b3fd7c50cf74f47c090e5f95b2d090253df056e\"", "list_id": "open_list.example.com",
        "list_name": "open_list", "mail_host": "example.com", "member_count": 0, "self_link":
        "http://localhost:9001/3.1/lists/open_list.example.com", "volume": 1}'}
    headers:
      content-length: ['324']
      content-type: [application/json; charset=UTF-8]
    status: {code: 200, message: OK}
- request:
    body: null
    headers:
      accept-encoding: ['gzip, deflate']
    method: GET
    uri: http://localhost:9001/3.1/lists/open_list.example.com/roster/owner
  response:
    body: {string: '{"http_etag": "\"32223434a0f3af4cdc4673d1fbc5bac1f6d98fd3\"",
        "start": 0, "total_size": 0}'}
    headers:
      content-length: ['90']
      content-type: [application/json; charset=UTF-8]
    status: {code: 200, message: OK}
- request:
    body: null
    headers:
      accept-encoding: ['gzip, deflate']
    method: GET
    uri: http://localhost:9001/3.1/lists/open_list.example.com/roster/moderator
  response:
    body: {string: '{"http_etag": "\"32223434a0f3af4cdc4673d1fbc5bac1f6d98fd3\"",
        "start": 0, "total_size": 0}'}
    headers:
      content-length: ['90']
      content-type: [application/json; charset=UTF-8]
    status: {code: 200, message: OK}
- request:
    body: display_name=None&list_id=open_list.example.com&pre_confirmed=True&pre_verified=True&subscriber=test%40example.com
    headers:
      accept-encoding: ['gzip, deflate']
      content-type: [application/x-www-form-urlencoded]
    method: POST
    uri: http://localhost:9001/3.1/members
  response:
    body: {string: ''}
    headers:
      content-length: ['0']
      content-type: [application/json; charset=UTF-8]
      location: ['http://localhost:9001/3.1/members/000000000000000000000000000002ef']
    status: {code: 201, message: Created}
- request:
    body: null
    headers:
      accept-encoding: ['gzip, deflate']
    method: GET
    uri: http://localhost:9001/3.0/lists/open_list@example.com/roster/member
  response:
    body: {string: '{"entries": [{"address": "http://localhost:9001/3.0/addresses/test@example.com",
        "delivery_mode": "regular", "display_name": "", "email": "test@example.com",
        "http_etag": "\"db4e62dd5222328fe487f21eca9249dc18925b61\"", "list_id": "open_list.example.com",
        "member_id": 751, "role": "member", "self_link": "http://localhost:9001/3.0/members/751",
        "user": "http://localhost:9001/3.0/users/956"}], "http_etag": "\"5e82c42a4ef93c592bfe1bf64f3058b30dc4ce5e\"",
        "start": 0, "total_size": 1}'}
    headers:
      content-length: ['483']
      content-type: [application/json; charset=UTF-8]
    status: {code: 200, message: OK}
- request:
    body: null
    headers:
      accept-encoding: ['gzip, deflate']
    method: GET
    uri: http://localhost:9001/3.0/lists/open_list@example.com/requests
  response:
    body: {string: '{"http_etag": "\"32223434a0f3af4cdc4673d1fbc5bac1f6d98fd3\"",
        "start": 0, "total_size": 0}'}
    headers:
      content-length: ['90']
      content-type: [application/json; charset=UTF-8]
    status: {code: 200, message: OK}
- request:
    body: null
    headers:
      accept-encoding: ['gzip, deflate']
    method: GET
    uri: http://localhost:9001/3.1/lists/open_list.example.com
  response:
    body: {string: '{"display_name": "Open_list", "fqdn_listname": "open_list@example.com",
        "http_etag": "\"b9757d7ba9adec496686653670115f860f71997b\"", "list_id": "open_list.example.com",
        "list_name": "open_list", "mail_host": "example.com", "member_count": 1, "self_link":
        "http://localhost:9001/3.1/lists/open_list.example.com", "volume": 1}'}
    headers:
      content-length: ['324']
      content-type: [application/json; charset=UTF-8]
    status: {code: 200, message: OK}
- request:
    body: null
    headers:
      accept-encoding: ['gzip, deflate']
    method: GET
    uri: http://localhost:9001/3.1/lists/open_list.example.com/roster/owner
  response:
    body: {string: '{"http_etag": "\"32223434a0f3af4cdc4673d1fbc5bac1f6d98fd3\"",
        "start": 0, "total_size": 0}'}
    headers:
      content-length: ['90']
      content-type: [application/json; charset=UTF-8]
    status: {code: 200, message: OK}
- request:
    body: null
    headers:
      accept-encoding: ['gzip, deflate']
    method: GET
    uri: http://localhost:9001/3.1/lists/open_list.example.com/roster/moderator
  response:
    body: {string: '{"http_etag": "\"32223434a0f3af4cdc4673d1fbc5bac1f6d98fd3\"",
        "start": 0, "total_size": 0}'}
    headers:
      content-length: ['90']
      content-type: [application/json; charset=UTF-8]
    status: {code: 200, message: OK}
- request:
    body: null
    headers:
      accept-encoding: ['gzip, deflate']
    method: GET
    uri: http://localhost:9001/3.1/lists/open_list@example.com/config
  response:
    body: {string: '{"acceptable_aliases": [], "admin_immed_notify": true, "admin_notify_mchanges":
        false, "administrivia": true, "advertised": true, "allow_list_posts": true,
        "anonymous_list": false, "archive_policy": "public", "autorespond_owner":
        "none", "autorespond_postings": "none", "autorespond_requests": "none", "autoresponse_grace_period":
        "90d", "autoresponse_owner_text": "", "autoresponse_postings_text": "", "autoresponse_request_text":
        "", "bounces_address": "open_list-bounces@example.com", "collapse_alternatives":
        true, "convert_html_to_plaintext": false, "created_at": "2005-08-01T07:49:23",
        "default_member_action": "defer", "default_nonmember_action": "hold", "description":
        "", "digest_last_sent_at": null, "digest_send_periodic": true, "digest_size_threshold":
        30.0, "digest_volume_frequency": "monthly", "digests_enabled": true, "display_name":
        "Open_list", "dmarc_mitigate_action": "no_mitigation", "dmarc_mitigate_unconditionally":
        false, "dmarc_moderation_notice": "", "dmarc_wrapped_message_text": "", "filter_content":
        false, "first_strip_reply_to": false, "fqdn_listname": "open_list@example.com",
        "http_etag": "\"4d20161d73b026e2640e54a1bfa8601229585dc3\"", "include_rfc2369_headers":
        true, "info": "", "join_address": "open_list-join@example.com", "last_post_at":
        null, "leave_address": "open_list-leave@example.com", "list_name": "open_list",
        "mail_host": "example.com", "max_message_size": 40, "moderator_password":
        null, "next_digest_number": 1, "no_reply_address": "noreply@example.com",
        "owner_address": "open_list-owner@example.com", "post_id": 1, "posting_address":
        "open_list@example.com", "posting_pipeline": "default-posting-pipeline", "reply_goes_to_list":
        "no_munging", "reply_to_address": "", "request_address": "open_list-request@example.com",
        "require_explicit_destination": true, "respond_to_post_requests": true, "send_welcome_message":
        true, "subject_prefix": "[Open_list] ", "subscription_policy": "open", "volume":
        1}'}
    headers:
      content-length: ['1950']
      content-type: [application/json; charset=UTF-8]
    status: {code: 200, message: OK}
- request:
    body: null
    headers:
      accept-encoding: ['gzip, deflate']
    method: GET
    uri: http://localhost:9001/3.1/lists/open_list.example.com/archivers
  response:
    body: {string: '{"http_etag": "\"3dbbbaad592a043938314db0e5249a1ca71d0dc6\"",
        "mail-archive": true, "mhonarc": true, "prototype": true}'}
    headers:
      content-length: ['119']
      content-type: [application/json; charset=UTF-8]
    status: {code: 200, message: OK}
- request:
    body: null
    headers:
      accept-encoding: ['gzip, deflate']
    method: GET
    uri: http://localhost:9001/3.1/lists/open_list@example.com/requests
  response:
    body: {string: '{"http_etag": "\"32223434a0f3af4cdc4673d1fbc5bac1f6d98fd3\"",
        "start": 0, "total_size": 0}'}
    headers:
      content-length: ['90']
      content-type: [application/json; charset=UTF-8]
    status: {code: 200, message: OK}
- request:
    body: null
    headers:
      accept-encoding: ['gzip, deflate']
    method: GET
    uri: http://localhost:9001/3.1/lists/open_list.example.com/member/fritz@example.org
  response:
    body: {string: '{"title": "404 Not Found"}'}
    headers:
      content-length: ['26']
      content-type: [application/json; charset=UTF-8]
      vary: [Accept]
    status: {code: 404, message: Not Found}
- request:
    body: null
    headers:
      accept-encoding: ['gzip, deflate']
    method: GET
    uri: http://localhost:9001/3.1/lists/open_list.example.com/member/test@example.com
  response:
    body: {string: '{"address": "http://localhost:9001/3.1/addresses/test@example.com",
        "delivery_mode": "regular", "display_name": "", "email": "test@example.com",
        "http_etag": "\"56cea9711d77419593ff74e3e4bd7aec0b4d5b83\"", "list_id": "open_list.example.com",
        "member_id": "000000000000000000000000000002ef", "role": "member", "self_link":
        "http://localhost:9001/3.1/members/000000000000000000000000000002ef", "user":
        "http://localhost:9001/3.1/users/000000000000000000000000000003bc"}'}
    headers:
      content-length: ['467']
      content-type: [application/json; charset=UTF-8]
    status: {code: 200, message: OK}
- request:
    body: null
    headers:
      accept-encoding: ['gzip, deflate']
    method: GET
    uri: http://localhost:9001/3.0/domains
  response:
    body: {string: '{"entries": [{"alias_domain": null, "description": null, "http_etag":
        "\"492652d581dc93af101db450d81ae93a074bff49\"", "mail_host": "example.com",
        "self_link": "http://localhost:9001/3.0/domains/example.com"}], "http_etag":
        "\"5868fb6d2442c0d163e0edb2bfd7a92b6c812796\"", "start": 0, "total_size":
        1}'}
    headers:
      content-length: ['299']
      content-type: [application/json; charset=UTF-8]
    status: {code: 200, message: OK}
- request:
    body: null
    headers:
      accept-encoding: ['gzip, deflate']
    method: DELETE
    uri: http://localhost:9001/3.0/domains/example.com
  response:
    body: {string: ''}
    headers:
      Content-Length: ['0']
    status: {code: 204, message: No Content}
- request:
    body: null
    headers:
      accept-encoding: ['gzip, deflate']
    method: GET
    uri: http://localhost:9001/3.0/users
  response:
    body: {string: '{"entries": [{"created_on": "2005-08-01T07:49:23", "http_etag":
        "\"145ae66e1c509ce96410e5a02ed3cf913e9ef4e1\"", "is_server_owner": false,
        "password": "$6$rounds=656000$jebAzssN4E/aSyTh$j9fkJ0bPplBq0H.v79pF22V1rIomGgyq4ULaY9HwHuhU8OIZzETFqyl4sN10f3TKI.GZ/.HjqQnd5mQngRpTB1",
        "self_link": "http://localhost:9001/3.0/users/956", "user_id": 956}], "http_etag":
        "\"26f018a6a644ef874bc946b8588315ba3b18e79f\"", "start": 0, "total_size":
        1}'}
    headers:
      content-length: ['433']
      content-type: [application/json; charset=UTF-8]
    status: {code: 200, message: OK}
- request:
    body: null
    headers:
      accept-encoding: ['gzip, deflate']
    method: DELETE
    uri: http://localhost:9001/3.0/users/956
  response:
    body: {string: ''}
    headers:
      Content-Length: ['0']
    status: {code: 204, message: No Content}
version: 1
